../../../../../../../Drivers/STM32WBxx_HAL_Driver/Inc/stm32wbxx_ll_rcc.h:1666:22:LL_RCC_LSE_SetDriveCapability	16	static
../../../../../../../Drivers/STM32WBxx_HAL_Driver/Inc/stm32wbxx_ll_bus.h:364:22:LL_AHB1_GRP1_EnableClock	24	static
../../../../../../../Drivers/STM32WBxx_HAL_Driver/Inc/stm32wbxx_ll_bus.h:539:22:LL_AHB2_GRP1_EnableClock	24	static
C:/Users/Marko/STM32Cube/Repository/STM32Cube_FW_WB_V1.13.2/Projects/P-NUCLEO-WB55.Nucleo/Applications/BLE/BLE_p2pServer/Core/Src/main.c:101:5:main	8	static
C:/Users/Marko/STM32Cube/Repository/STM32Cube_FW_WB_V1.13.2/Projects/P-NUCLEO-WB55.Nucleo/Applications/BLE/BLE_p2pServer/Core/Src/main.c:159:6:SystemClock_Config	112	static
C:/Users/Marko/STM32Cube/Repository/STM32Cube_FW_WB_V1.13.2/Projects/P-NUCLEO-WB55.Nucleo/Applications/BLE/BLE_p2pServer/Core/Src/main.c:208:6:PeriphCommonClock_Config	88	static
C:/Users/Marko/STM32Cube/Repository/STM32Cube_FW_WB_V1.13.2/Projects/P-NUCLEO-WB55.Nucleo/Applications/BLE/BLE_p2pServer/Core/Src/main.c:233:13:MX_IPCC_Init	8	static
C:/Users/Marko/STM32Cube/Repository/STM32Cube_FW_WB_V1.13.2/Projects/P-NUCLEO-WB55.Nucleo/Applications/BLE/BLE_p2pServer/Core/Src/main.c:259:6:MX_LPUART1_UART_Init	8	static
C:/Users/Marko/STM32Cube/Repository/STM32Cube_FW_WB_V1.13.2/Projects/P-NUCLEO-WB55.Nucleo/Applications/BLE/BLE_p2pServer/Core/Src/main.c:307:6:MX_USART1_UART_Init	8	static
C:/Users/Marko/STM32Cube/Repository/STM32Cube_FW_WB_V1.13.2/Projects/P-NUCLEO-WB55.Nucleo/Applications/BLE/BLE_p2pServer/Core/Src/main.c:355:13:MX_RF_Init	4	static
C:/Users/Marko/STM32Cube/Repository/STM32Cube_FW_WB_V1.13.2/Projects/P-NUCLEO-WB55.Nucleo/Applications/BLE/BLE_p2pServer/Core/Src/main.c:376:13:MX_RNG_Init	8	static
C:/Users/Marko/STM32Cube/Repository/STM32Cube_FW_WB_V1.13.2/Projects/P-NUCLEO-WB55.Nucleo/Applications/BLE/BLE_p2pServer/Core/Src/main.c:403:13:MX_RTC_Init	8	static
C:/Users/Marko/STM32Cube/Repository/STM32Cube_FW_WB_V1.13.2/Projects/P-NUCLEO-WB55.Nucleo/Applications/BLE/BLE_p2pServer/Core/Src/main.c:442:13:MX_DMA_Init	8	static
C:/Users/Marko/STM32Cube/Repository/STM32Cube_FW_WB_V1.13.2/Projects/P-NUCLEO-WB55.Nucleo/Applications/BLE/BLE_p2pServer/Core/Src/main.c:465:13:MX_GPIO_Init	8	static
C:/Users/Marko/STM32Cube/Repository/STM32Cube_FW_WB_V1.13.2/Projects/P-NUCLEO-WB55.Nucleo/Applications/BLE/BLE_p2pServer/Core/Src/main.c:483:6:Error_Handler	4	static
