C:/Users/Marko/STM32Cube/Repository/STM32Cube_FW_WB_V1.13.2/Projects/P-NUCLEO-WB55.Nucleo/Applications/BLE/BLE_p2pServer/STM32_WPAN/App/p2p_server_app.c:87:6:P2PS_STM_App_Notification	16	static
C:/Users/Marko/STM32Cube/Repository/STM32Cube_FW_WB_V1.13.2/Projects/P-NUCLEO-WB55.Nucleo/Applications/BLE/BLE_p2pServer/STM32_WPAN/App/p2p_server_app.c:263:6:P2PS_APP_Notification	16	static
C:/Users/Marko/STM32Cube/Repository/STM32Cube_FW_WB_V1.13.2/Projects/P-NUCLEO-WB55.Nucleo/Applications/BLE/BLE_p2pServer/STM32_WPAN/App/p2p_server_app.c:297:6:P2PS_APP_Init	8	static
C:/Users/Marko/STM32Cube/Repository/STM32Cube_FW_WB_V1.13.2/Projects/P-NUCLEO-WB55.Nucleo/Applications/BLE/BLE_p2pServer/STM32_WPAN/App/p2p_server_app.c:312:6:P2PS_APP_LED_BUTTON_context_Init	8	static
C:/Users/Marko/STM32Cube/Repository/STM32Cube_FW_WB_V1.13.2/Projects/P-NUCLEO-WB55.Nucleo/Applications/BLE/BLE_p2pServer/STM32_WPAN/App/p2p_server_app.c:354:6:P2PS_APP_SW1_Button_Action	8	static
C:/Users/Marko/STM32Cube/Repository/STM32Cube_FW_WB_V1.13.2/Projects/P-NUCLEO-WB55.Nucleo/Applications/BLE/BLE_p2pServer/STM32_WPAN/App/p2p_server_app.c:368:6:P2PS_Send_Notification	8	static
